// Jest Snapshot v1, https://goo.gl/fbAQLP

exports[`Testing profile component Snapshot testing 1`] = `ShallowWrapper {}`;
