// Jest Snapshot v1, https://goo.gl/fbAQLP

exports[`renders correct routes 1`] = `ShallowWrapper {}`;
