// Jest Snapshot v1, https://goo.gl/fbAQLP

exports[`login check with right data 1`] = `ShallowWrapper {}`;
