// Jest Snapshot v1, https://goo.gl/fbAQLP

exports[`Testing AddUpdate form Snapshot testing 1`] = `ShallowWrapper {}`;
