// Jest Snapshot v1, https://goo.gl/fbAQLP

exports[`Testing Landing Snapshot testing 1`] = `ShallowWrapper {}`;
