// Jest Snapshot v1, https://goo.gl/fbAQLP

exports[`Testing giftShow compenent Snapshot testing  1`] = `ShallowWrapper {}`;
