// Jest Snapshot v1, https://goo.gl/fbAQLP

exports[`Testing giftsList component Snapshot testing 1`] = `ShallowWrapper {}`;
